<?xml version="1.0" encoding="UTF-8"?>
<TestRun id="b5429505-fb8f-433a-aaba-987ea67e29ec" name="04-user01@MICROSOF-76FC62 2020-02-17 12:50:40" runUser="MICROSOF-76FC62\04-user01" xmlns="http://microsoft.com/schemas/VisualStudio/TeamTest/2010">
  <TestSettings name="Локальные" id="fd56e045-bb1b-4f84-812d-ee06f58e8539">
    <Description>Это - параметры по умолчанию для локального тестового запуска.</Description>
    <Deployment enabled="false" runDeploymentRoot="04-user01_MICROSOF-76FC62 2020-02-17 12_50_40">
      <DeploymentItem filename="C:\Documents and Settings\04-user01.MICROSOF-76FC62.000\Рабочий стол\трпо\ChuguiLab1\Application\bin\Debug\Application.exe" />
    </Deployment>
    <Execution>
      <TestTypeSpecific />
      <AgentRule name="Execution Agents">
      </AgentRule>
    </Execution>
  </TestSettings>
  <Times creation="2020-02-17T12:50:40.5937500+03:00" queuing="2020-02-17T12:50:40.6406250+03:00" start="2020-02-17T12:50:40.9218750+03:00" finish="2020-02-17T12:50:43.4531250+03:00" />
  <ResultSummary outcome="Failed">
    <Counters total="1" executed="1" error="0" failed="1" timeout="0" aborted="0" inconclusive="0" passedButRunAborted="0" notRunnable="0" notExecuted="0" disconnected="0" warning="0" passed="0" completed="0" inProgress="0" pending="0" />
  </ResultSummary>
  <TestDefinitions>
    <UnitTest name="ArrayProcessorNotTouchArray" storage="c:\documents and settings\04-user01.microsof-76fc62.000\рабочий стол\трпо\chuguilab1\chuguilab1\bin\debug\chuguilab1.dll" id="64fbc019-1269-5783-a6f7-6121116328f2">
      <Execution id="80cbcd2e-e1c5-4f66-bcec-3d255b669280" />
      <TestMethod codeBase="C:/Documents and Settings/04-user01.MICROSOF-76FC62.000/Рабочий стол/трпо/ChuguiLab1/ChuguiLab1/bin/Debug/ChuguiLab1.DLL" adapterTypeName="Microsoft.VisualStudio.TestTools.TestTypes.Unit.UnitTestAdapter, Microsoft.VisualStudio.QualityTools.Tips.UnitTest.Adapter, Version=10.0.0.0, Culture=neutral, PublicKeyToken=b03f5f7f11d50a3a" className="ChuguiLab1.UnitTest1, ChuguiLab1, Version=1.0.0.0, Culture=neutral, PublicKeyToken=null" name="ArrayProcessorNotTouchArray" />
    </UnitTest>
  </TestDefinitions>
  <TestLists>
    <TestList name="Отсутствующие в списке результаты" id="8c84fa94-04c1-424b-9868-57a2d4851a1d" />
    <TestList name="Все загруженные результаты" id="19431567-8539-422a-85d7-44ee4e166bda" />
  </TestLists>
  <TestEntries>
    <TestEntry testId="64fbc019-1269-5783-a6f7-6121116328f2" executionId="80cbcd2e-e1c5-4f66-bcec-3d255b669280" testListId="8c84fa94-04c1-424b-9868-57a2d4851a1d" />
  </TestEntries>
  <Results>
    <UnitTestResult executionId="80cbcd2e-e1c5-4f66-bcec-3d255b669280" testId="64fbc019-1269-5783-a6f7-6121116328f2" testName="ArrayProcessorNotTouchArray" computerName="MICROSOF-76FC62" duration="00:00:00.1168170" startTime="2020-02-17T12:50:41.1250000+03:00" endTime="2020-02-17T12:50:42.9687500+03:00" testType="13cdc9d9-ddb5-4fa4-a97d-d965ccfc6d4b" outcome="Failed" testListId="8c84fa94-04c1-424b-9868-57a2d4851a1d" relativeResultsDirectory="80cbcd2e-e1c5-4f66-bcec-3d255b669280">
      <Output>
        <ErrorInfo>
          <Message>Ошибка в CollectionAssert.AreEquivalent. Ожидаемый набор содержит следующее число событий &lt;2&gt;: 2. Фактический набор содержит число событий: 1. </Message>
          <StackTrace>   в ChuguiLab1.UnitTest1.ArrayProcessorNotTouchArray() в C:\Documents and Settings\04-user01.MICROSOF-76FC62.000\Рабочий стол\трпо\ChuguiLab1\ChuguiLab1\UnitTest1.cs:строка 158
</StackTrace>
        </ErrorInfo>
      </Output>
    </UnitTestResult>
  </Results>
</TestRun>